
 Loading dlvhdr/gh-enhance latest runs…                                                     ▐▔▔▐▚ ▌▐ ▌▐▔▌▐▚ ▌▐▔▔▐▔▔
                                                                                            ▐▛▁▐ ▚▌▐▔▌▐▔▌▐ ▚▌▐▁▁▐▛▁ dev
▀▀▀▀▀▀▀▀▀▀▀▀▀▀▀▀▀▀▀▀▀▀▀▀▀▀▀▀▀▀▀▀▀▀▀▀▀▀▀▀▀▀▀▀▀▀▀▀▀▀▀▀▀▀▀▀▀▀▀▀▀▀▀▀▀▀▀▀▀▀▀▀▀▀▀▀▀▀▀▀▀▀▀▀▀▀▀▀▀▀▀▀▀▀▀▀▀▀▀▀▀▀▀▀▀▀▀▀▀▀▀▀▀▀▀▀▀▀▀▀
Runs > Jobs > Steps  ╭Job Logs
                       │
No runs.               │
                       │
                       │
                       │
                       │
                       │
                       │
                       │
                       │
                       │
                       │
                       │
                       │
                       │
                       │
                       │
                       │
                       │
                       │                                     Nothing selected...
                       │
                       │
                       │
                       │
                       │
                       │
                       │
                       │
                       │
                       │
                       │
                       │
                       │
                       │
                       │
                       │
                       │
                       │
                       │
                       │
                       │
                       │
                       │
                       │
                       │
                       │
                       │
                       │
                       │
                       │
                       │
                       │
                       │
                       │
                       │
                       │
                       │
                       │
                       │
                       │
                       │
                       │
                       │
                       │
                       │
                       │
                       │
                       │
                       │
                       │
                       │
                       │
                       │
                       │
 Watching dlvhdr/gh-enhance…                                                                   refreshing in 9s  ? help